
   ISSUE  Misspelling in [1m./tests/Fixtures/FolderWithTypoos[0m: '[1mTypoos[0m'  
  ./tests/Fixtures/FolderWithTypoos     
  ---------------------------^     
  Did you mean: typos, types, tops, poos  


   ISSUE  Misspelling in [1m./tests/Fixtures/FolderWithTypoos/FileThatShouldBeIgnroed.php[0m: '[1mIgnroed[0m'  
  ./tests/Fixtures/FolderWithTypoos/FileThatShouldBeIgnroed.php     
  --------------------------------------------------^     
  Did you mean: ignored, ignores, ignore, inroad  


   ISSUE  Misspelling in [1m./tests/Fixtures/FolderWithTypoos/FileWithTppyo.php[0m: '[1mTppyo[0m'  
  ./tests/Fixtures/FolderWithTypoos/FileWithTppyo.php     
  ------------------------------------------^     
  Did you mean: typo, tokyo, typos, topi  


   ISSUE  Misspelling in [1m./tests/Fixtures/FolderWithTypoos/FolderThatShouldBeIgnored/FileThatShoudBeIgnoredBecauseItsInsideWhitelistedFolder.php[0m: '[1mShoud[0m'  
  ./tests/Fixtures/FolderWithTypoos/FolderThatShouldBeIgnored/FileThatShoudBeIgnoredBecauseItsInsideWhitelistedFolder.php     
  --------------------------------------------------------------------^     
  Did you mean: should, shroud, shod, shout  


   ISSUE  Misspelling in [1m./tests/Fixtures/ClassesToTest/ClassWithTypoErrors.php:30:34[0m: '[1mErorr[0m'  
    30â–• [1m    public function methodWithTypoErorr(): string[0m  
        ----------------------------------^     
  Did you mean: error, errors, orr, err  


   ISSUE  Misspelling in [1m./tests/Fixtures/ClassesToTest/ClassWithTypoErrors.php:36:17[0m: '[1mmetohd[0m'  
    36â–• [1m     * This is a metohd with a doc block typo error[0m  
        -----------------^     
  Did you mean: method, meted, mooted, mated  


   ISSUE  Misspelling in [1m./tests/Fixtures/ClassesToTest/ClassWithTypoErrors.php:43:112[0m: '[1mErorr[0m'  
    43â–• [1m    public function methodWithTypoErrorInParameters(string $parameterWithoutTypoError, string $parameterWithTypoErorr): string[0m  
        ----------------------------------------------------------------------------------------------------------------^     
  Did you mean: error, errors, orr, err  


   ISSUE  Misspelling in [1m./tests/Fixtures/ClassesToTest/ClassWithTypoErrors.php:18:16[0m: '[1mproperyt[0m'  
    18â–• [1m    public int $properytWithTypoError = 2;[0m  
        ----------------^     
  Did you mean: property, propriety, properer, properest  


   ISSUE  Misspelling in [1m./tests/Fixtures/ClassesToTest/ClassWithTypoErrors.php:21:37[0m: '[1mbolck[0m'  
    21â–• [1m     * This is a property with a doc bolck typo error[0m  
        -------------------------------------^     
  Did you mean: block, bock, bloc, bilk  


   ISSUE  Misspelling in [1m./tests/Fixtures/ClassesToTest/ClassWithTypoErrors.php:10:25[0m: '[1mtst[0m'  
    10â–• [1m * This class is used to tst type errors in class properties, methods, method parameters and class documentation block.[0m  
        -------------------------^     
  Did you mean: test, tat, st, st  


   ISSUE  Misspelling in [1m./tests/Fixtures/ClassesToTest/ClassWithTypoOnConstants.php:11:31[0m: '[1mTYPOO[0m'  
    11â–• [1m    public const CONSTANT_WITH_TYPOO = 'constant_with_typoo';[0m  
        -------------------------------^     
  Did you mean: typo, typos, type, topi  


   ISSUE  Misspelling in [1m./tests/Fixtures/ClassesToTest/ClassWithTypoOnConstants.php:11:54[0m: '[1mtypoo[0m'  
    11â–• [1m    public const CONSTANT_WITH_TYPOO = 'constant_with_typoo';[0m  
        ------------------------------------------------------^     
  Did you mean: typo, typos, type, topi  


   ISSUE  Misspelling in [1m./tests/Fixtures/ClassesToTest/FolderThatShouldBeIgnored/ClassWithTypoErrors.php:9:16[0m: '[1mproperyt[0m'  
     9â–• [1m    public int $properytWithTypoError = 1;[0m  
        ----------------^     
  Did you mean: property, propriety, properer, properest  


   ISSUE  Misspelling in [1m./tests/Fixtures/ClassesToTest/InterfaceWithSpellingMistake.php:12:34[0m: '[1mErorr[0m'  
    12â–• [1m    public function methodWithTypoErorr(): string;[0m  
        ----------------------------------^     
  Did you mean: error, errors, orr, err  


   ISSUE  Misspelling in [1m./tests/Fixtures/ClassesToTest/InterfaceWithSpellingMistake.php:8:3[0m: '[1mSpellling[0m'  
     8â–• [1m * Spellling mistake in the interface documentation.[0m  
        ---^     
  Did you mean: spelling, spilling, spieling, spellings  


   ISSUE  Misspelling in [1m./tests/Fixtures/ClassesToTest/TraitWithTypo.php:25:31[0m: '[1mSpellling[0m'  
    25â–• [1m    private function methodWithSpelllingMistakeInName(): void[0m  
        -------------------------------^     
  Did you mean: spelling, spilling, spieling, spellings  


   ISSUE  Misspelling in [1m./tests/Fixtures/ClassesToTest/TraitWithTypo.php:30:67[0m: '[1mspellling[0m'  
    30â–• [1m    private function methodWithSpellingMistakeInParameters(string $spelllingMistakeInParameter): void[0m  
        -------------------------------------------------------------------^     
  Did you mean: spelling, spilling, spieling, spellings  


   ISSUE  Misspelling in [1m./tests/Fixtures/ClassesToTest/TraitWithTypo.php:41:31[0m: '[1mspellling[0m'  
    41â–• [1m     * This is a method with a spellling mistake in the doc block.[0m  
        -------------------------------^     
  Did you mean: spelling, spilling, spieling, spellings  


   ISSUE  Misspelling in [1m./tests/Fixtures/ClassesToTest/TraitWithTypo.php:18:16[0m: '[1mproperyt[0m'  
    18â–• [1m    public int $properytWithSpelllingMistake = 2;[0m  
        ----------------^     
  Did you mean: property, propriety, properer, properest  


   ISSUE  Misspelling in [1m./tests/Fixtures/ClassesToTest/TraitWithTypo.php:18:28[0m: '[1mSpellling[0m'  
    18â–• [1m    public int $properytWithSpelllingMistake = 2;[0m  
        ----------------------------^     
  Did you mean: spelling, spilling, spieling, spellings  


   ISSUE  Misspelling in [1m./tests/Fixtures/ClassesToTest/TraitWithTypo.php:10:25[0m: '[1mtst[0m'  
    10â–• [1m * This trait is used to tst type errors in trait properties, methods, method parameters and trait documentation block.[0m  
        -------------------------^     
  Did you mean: test, tat, st, st  


   ISSUE  Misspelling in [1m./tests/Fixtures/EnumsToTest/BackendEnumWithTypoErrors.php:21:31[0m: '[1mSpellling[0m'  
    21â–• [1m    private function methodWithSpelllingMistakeInName(): void[0m  
        -------------------------------^     
  Did you mean: spelling, spilling, spieling, spellings  


   ISSUE  Misspelling in [1m./tests/Fixtures/EnumsToTest/BackendEnumWithTypoErrors.php:26:67[0m: '[1mspellling[0m'  
    26â–• [1m    private function methodWithSpellingMistakeInParameters(string $spelllingMistakeInParameter): void[0m  
        -------------------------------------------------------------------^     
  Did you mean: spelling, spilling, spieling, spellings  


   ISSUE  Misspelling in [1m./tests/Fixtures/EnumsToTest/BackendEnumWithTypoErrors.php:37:31[0m: '[1mspellling[0m'  
    37â–• [1m     * This is a method with a spellling mistake in the doc block.[0m  
        -------------------------------^     
  Did you mean: spelling, spilling, spieling, spellings  


   ISSUE  Misspelling in [1m./tests/Fixtures/EnumsToTest/BackendEnumWithTypoErrors.php:13:9[0m: '[1mSPELLLING[0m'  
    13â–• [1m    case SPELLLING_MISTAKE_IN_CASE_NAME = 'Spelling mistake in case name';[0m  
        ---------^     
  Did you mean: spelling, spilling, spieling, spellings  


   ISSUE  Misspelling in [1m./tests/Fixtures/EnumsToTest/BackendEnumWithTypoErrors.php:14:43[0m: '[1mSpellling[0m'  
    14â–• [1m    case SPELLING_MISTAKE_IN_CASE_VALUE = 'Spellling mistake in case value';[0m  
        -------------------------------------------^     
  Did you mean: spelling, spilling, spieling, spellings  


   ISSUE  Misspelling in [1m./tests/Fixtures/EnumsToTest/BackendEnumWithTypoErrors.php:8:30[0m: '[1mspellling[0m'  
     8â–• [1m * Even the documentation has spellling mistakes.[0m  
        ------------------------------^     
  Did you mean: spelling, spilling, spieling, spellings  


   ISSUE  Misspelling in [1m./tests/Fixtures/EnumsToTest/FolderThatShouldBeIgnored/EnumWithTypoErrors.php:9:19[0m: '[1mSPELLLING[0m'  
     9â–• [1m    case CASE_WITH_SPELLLING_MISTAKE_IN_CASE_NAME;[0m  
        -------------------^     
  Did you mean: spelling, spilling, spieling, spellings  


   ISSUE  Misspelling in [1m./tests/Fixtures/EnumsToTest/UnitEnumWithTypoErrors.php:20:31[0m: '[1mSpellling[0m'  
    20â–• [1m    private function methodWithSpelllingMistakeInName(): void[0m  
        -------------------------------^     
  Did you mean: spelling, spilling, spieling, spellings  


   ISSUE  Misspelling in [1m./tests/Fixtures/EnumsToTest/UnitEnumWithTypoErrors.php:25:67[0m: '[1mspellling[0m'  
    25â–• [1m    private function methodWithSpellingMistakeInParameters(string $spelllingMistakeInParameter): void[0m  
        -------------------------------------------------------------------^     
  Did you mean: spelling, spilling, spieling, spellings  


   ISSUE  Misspelling in [1m./tests/Fixtures/EnumsToTest/UnitEnumWithTypoErrors.php:36:31[0m: '[1mspellling[0m'  
    36â–• [1m     * This is a method with a spellling mistake in the doc block.[0m  
        -------------------------------^     
  Did you mean: spelling, spilling, spieling, spellings  


   ISSUE  Misspelling in [1m./tests/Fixtures/EnumsToTest/UnitEnumWithTypoErrors.php:13:19[0m: '[1mSPELLLING[0m'  
    13â–• [1m    case CASE_WITH_SPELLLING_MISTAKE_IN_CASE_NAME;[0m  
        -------------------^     
  Did you mean: spelling, spilling, spieling, spellings  


   ISSUE  Misspelling in [1m./tests/Fixtures/EnumsToTest/UnitEnumWithTypoErrors.php:8:30[0m: '[1mspellling[0m'  
     8â–• [1m * Even the documentation has spellling mistakes.[0m  
        ------------------------------^     
  Did you mean: spelling, spilling, spieling, spellings  


  Duration: 0.04s  

