
   PASS  No misspellings found in the given text.  
    
  Duration: 0.00s  

